// Jest Snapshot v1, https://goo.gl/fbAQLP

exports[`Pruebas en el componente <LoginScreen /> Debe mostrarse correctamente  1`] = `
<div
  className="container mt-5"
>
  <h1>
    LoginScreen
  </h1>
  <hr />
  <button
    className="btn btn-outline-success"
    onClick={[Function]}
  >
    Ingresar
  </button>
</div>
`;
